!_TAG_FILE_FORMAT	2	/extended format; --format=1 will not append ;" to lines/
!_TAG_FILE_SORTED	1	/0=unsorted, 1=sorted, 2=foldcase/
!_TAG_OUTPUT_EXCMD	mixed	/number, pattern, mixed, or combineV2/
!_TAG_OUTPUT_FILESEP	slash	/slash or backslash/
!_TAG_OUTPUT_MODE	u-ctags	/u-ctags or e-ctags/
!_TAG_PATTERN_LENGTH_LIMIT	96	/0 for no limit/
!_TAG_PROC_CWD	D:/Users/julia/OneDrive/Projects/IDEs/IDM/	//
!_TAG_PROGRAM_AUTHOR	Universal Ctags Team	//
!_TAG_PROGRAM_NAME	Universal Ctags	/Derived from Exuberant Ctags/
!_TAG_PROGRAM_URL	https://ctags.io/	/official site/
!_TAG_PROGRAM_VERSION	5.9.0	//
LENGTH_ZAP_NUMBER	D:/Users/julia/OneDrive/Documents/Arduino/projects/ws_lvgl_9_template/libraries/PicoFlashEeprom/PicoFlashEeprom.h	/^    const uint8_t LENGTH_ZAP_NUMBER = 6;$/;"	m	line:23	class:PicoFlashEeprom	typeref:typename:const uint8_t
LENGTH_ZAP_NUMBER_BUFFER	D:/Users/julia/OneDrive/Documents/Arduino/projects/ws_lvgl_9_template/libraries/PicoFlashEeprom/PicoFlashEeprom.h	/^    const uint8_t LENGTH_ZAP_NUMBER_BUFFER = LENGTH_ZAP_NUMBER + 1;$/;"	m	line:24	class:PicoFlashEeprom	typeref:typename:const uint8_t
LOG_DEBUG	D:/Users/julia/OneDrive/Documents/Arduino/projects/ws_lvgl_9_template/libraries/PicoFlashEeprom/PicoFlashEeprom.h	/^        LOG_DEBUG = 4$/;"	e	line:19	enum:PicoFlashEeprom::LogLevel
LOG_ERROR	D:/Users/julia/OneDrive/Documents/Arduino/projects/ws_lvgl_9_template/libraries/PicoFlashEeprom/PicoFlashEeprom.h	/^        LOG_ERROR = 1,$/;"	e	line:16	enum:PicoFlashEeprom::LogLevel
LOG_INFO	D:/Users/julia/OneDrive/Documents/Arduino/projects/ws_lvgl_9_template/libraries/PicoFlashEeprom/PicoFlashEeprom.h	/^        LOG_INFO  = 3,$/;"	e	line:18	enum:PicoFlashEeprom::LogLevel
LOG_NONE	D:/Users/julia/OneDrive/Documents/Arduino/projects/ws_lvgl_9_template/libraries/PicoFlashEeprom/PicoFlashEeprom.h	/^        LOG_NONE  = 0,$/;"	e	line:15	enum:PicoFlashEeprom::LogLevel
LOG_WARN	D:/Users/julia/OneDrive/Documents/Arduino/projects/ws_lvgl_9_template/libraries/PicoFlashEeprom/PicoFlashEeprom.h	/^        LOG_WARN  = 2,$/;"	e	line:17	enum:PicoFlashEeprom::LogLevel
LogLevel	D:/Users/julia/OneDrive/Documents/Arduino/projects/ws_lvgl_9_template/libraries/PicoFlashEeprom/PicoFlashEeprom.h	/^    enum LogLevel {$/;"	g	line:14	class:PicoFlashEeprom
PICO_FLASH_EEPROM_H	D:/Users/julia/OneDrive/Documents/Arduino/projects/ws_lvgl_9_template/libraries/PicoFlashEeprom/PicoFlashEeprom.h	/^#define PICO_FLASH_EEPROM_H$/;"	d	line:2
PICO_FLASH_EEPROM_SIZE	D:/Users/julia/OneDrive/Documents/Arduino/projects/ws_lvgl_9_template/libraries/PicoFlashEeprom/PicoFlashEeprom.h	/^#define PICO_FLASH_EEPROM_SIZE /;"	d	line:8
PicoFlashEeprom	D:/Users/julia/OneDrive/Documents/Arduino/projects/ws_lvgl_9_template/libraries/PicoFlashEeprom/PicoFlashEeprom.cpp	/^PicoFlashEeprom::PicoFlashEeprom(uint8_t size) : _size(size) {}$/;"	f	line:15	class:PicoFlashEeprom
PicoFlashEeprom	D:/Users/julia/OneDrive/Documents/Arduino/projects/ws_lvgl_9_template/libraries/PicoFlashEeprom/PicoFlashEeprom.h	/^    PicoFlashEeprom(uint8_t size);$/;"	p	line:28	class:PicoFlashEeprom
PicoFlashEeprom	D:/Users/julia/OneDrive/Documents/Arduino/projects/ws_lvgl_9_template/libraries/PicoFlashEeprom/PicoFlashEeprom.h	/^class PicoFlashEeprom {$/;"	c	line:12
START_ZAP_NUMBER	D:/Users/julia/OneDrive/Documents/Arduino/projects/ws_lvgl_9_template/libraries/PicoFlashEeprom/PicoFlashEeprom.h	/^    const uint8_t START_ZAP_NUMBER = 2;$/;"	m	line:25	class:PicoFlashEeprom	typeref:typename:const uint8_t
_eeprom_address	D:/Users/julia/OneDrive/Documents/Arduino/projects/ws_lvgl_9_template/libraries/PicoFlashEeprom/PicoFlashEeprom.h	/^    uint8_t _eeprom_address = 0;$/;"	m	line:45	class:PicoFlashEeprom	typeref:typename:uint8_t
_logLevel	D:/Users/julia/OneDrive/Documents/Arduino/projects/ws_lvgl_9_template/libraries/PicoFlashEeprom/PicoFlashEeprom.cpp	/^PicoFlashEeprom::LogLevel PicoFlashEeprom::_logLevel = LOG_DEBUG;$/;"	m	line:12	class:PicoFlashEeprom	typeref:typename:PicoFlashEeprom::LogLevel
_logLevel	D:/Users/julia/OneDrive/Documents/Arduino/projects/ws_lvgl_9_template/libraries/PicoFlashEeprom/PicoFlashEeprom.h	/^    static LogLevel _logLevel;$/;"	m	line:50	class:PicoFlashEeprom	typeref:typename:LogLevel
_logStream	D:/Users/julia/OneDrive/Documents/Arduino/projects/ws_lvgl_9_template/libraries/PicoFlashEeprom/PicoFlashEeprom.cpp	/^Stream* PicoFlashEeprom::_logStream = &Serial;$/;"	m	line:5	class:PicoFlashEeprom	typeref:typename:Stream *
_logStream	D:/Users/julia/OneDrive/Documents/Arduino/projects/ws_lvgl_9_template/libraries/PicoFlashEeprom/PicoFlashEeprom.h	/^    static Stream* _logStream;$/;"	m	line:48	class:PicoFlashEeprom	typeref:typename:Stream *
_loggingEnabled	D:/Users/julia/OneDrive/Documents/Arduino/projects/ws_lvgl_9_template/libraries/PicoFlashEeprom/PicoFlashEeprom.cpp	/^bool PicoFlashEeprom::_loggingEnabled =$/;"	m	line:6	class:PicoFlashEeprom	typeref:typename:bool
_loggingEnabled	D:/Users/julia/OneDrive/Documents/Arduino/projects/ws_lvgl_9_template/libraries/PicoFlashEeprom/PicoFlashEeprom.h	/^    static bool _loggingEnabled;$/;"	m	line:49	class:PicoFlashEeprom	typeref:typename:bool
_size	D:/Users/julia/OneDrive/Documents/Arduino/projects/ws_lvgl_9_template/libraries/PicoFlashEeprom/PicoFlashEeprom.h	/^    uint8_t _size;$/;"	m	line:44	class:PicoFlashEeprom	typeref:typename:uint8_t
architectures	D:/Users/julia/OneDrive/Documents/Arduino/projects/ws_lvgl_9_template/libraries/PicoFlashEeprom/library.properties	/^architectures=rp2040,rp2350/;"	k	line:9
author	D:/Users/julia/OneDrive/Documents/Arduino/projects/ws_lvgl_9_template/libraries/PicoFlashEeprom/library.properties	/^author=Julian (julian@britesc.com)$/;"	k	line:3
begin	D:/Users/julia/OneDrive/Documents/Arduino/projects/ws_lvgl_9_template/libraries/PicoFlashEeprom/PicoFlashEeprom.cpp	/^void PicoFlashEeprom::begin() {$/;"	f	line:18	class:PicoFlashEeprom	typeref:typename:void
begin	D:/Users/julia/OneDrive/Documents/Arduino/projects/ws_lvgl_9_template/libraries/PicoFlashEeprom/PicoFlashEeprom.h	/^    void begin();$/;"	p	line:31	class:PicoFlashEeprom	typeref:typename:void
buffer	D:/Users/julia/OneDrive/Documents/Arduino/projects/ws_lvgl_9_template/libraries/PicoFlashEeprom/PicoFlashEeprom.cpp	/^    static char buffer[7];  \/\/ 6 bytes + null terminator$/;"	l	line:42	function:PicoFlashEeprom::getZapNumber	typeref:typename:char[7]	file:
category	D:/Users/julia/OneDrive/Documents/Arduino/projects/ws_lvgl_9_template/libraries/PicoFlashEeprom/library.properties	/^category=Data Storage$/;"	k	line:7
enable	D:/Users/julia/OneDrive/Documents/Arduino/projects/ws_lvgl_9_template/libraries/PicoFlashEeprom/PicoFlashEeprom.cpp	/^void PicoFlashEeprom::enableLogging(bool enable) {$/;"	z	line:93	function:PicoFlashEeprom::enableLogging	typeref:typename:bool	file:
enableLogging	D:/Users/julia/OneDrive/Documents/Arduino/projects/ws_lvgl_9_template/libraries/PicoFlashEeprom/PicoFlashEeprom.cpp	/^void PicoFlashEeprom::enableLogging(bool enable) {$/;"	f	line:93	class:PicoFlashEeprom	typeref:typename:void
enableLogging	D:/Users/julia/OneDrive/Documents/Arduino/projects/ws_lvgl_9_template/libraries/PicoFlashEeprom/PicoFlashEeprom.h	/^    static void enableLogging(bool enable);$/;"	p	line:41	class:PicoFlashEeprom	typeref:typename:void
getZapNumber	D:/Users/julia/OneDrive/Documents/Arduino/projects/ws_lvgl_9_template/libraries/PicoFlashEeprom/PicoFlashEeprom.cpp	/^char*  PicoFlashEeprom::getZapNumber() {$/;"	f	line:41	class:PicoFlashEeprom	typeref:typename:char *
getZapNumber	D:/Users/julia/OneDrive/Documents/Arduino/projects/ws_lvgl_9_template/libraries/PicoFlashEeprom/PicoFlashEeprom.h	/^    char* getZapNumber();$/;"	p	line:34	class:PicoFlashEeprom	typeref:typename:char *
i	D:/Users/julia/OneDrive/Documents/Arduino/projects/ws_lvgl_9_template/libraries/PicoFlashEeprom/PicoFlashEeprom.cpp	/^    for (int i = 0; i < LENGTH_ZAP_NUMBER; i++) {$/;"	l	line:44	function:PicoFlashEeprom::getZapNumber	typeref:typename:int	file:
i	D:/Users/julia/OneDrive/Documents/Arduino/projects/ws_lvgl_9_template/libraries/PicoFlashEeprom/PicoFlashEeprom.cpp	/^    for (int i = 0; i < _size; i++) {$/;"	l	line:33	function:PicoFlashEeprom::initializeEeprom	typeref:typename:int	file:
i	D:/Users/julia/OneDrive/Documents/Arduino/projects/ws_lvgl_9_template/libraries/PicoFlashEeprom/PicoFlashEeprom.cpp	/^    for (int i = 0; i < strlen(str); i++) {$/;"	l	line:78	function:PicoFlashEeprom::writeZapNumber	typeref:typename:int	file:
i	D:/Users/julia/OneDrive/Documents/Arduino/projects/ws_lvgl_9_template/libraries/PicoFlashEeprom/PicoFlashEeprom.cpp	/^  for (int i = 2; i < 6; i++) {$/;"	l	line:65	function:PicoFlashEeprom::isZapNumberValid	typeref:typename:int	file:
initializeEeprom	D:/Users/julia/OneDrive/Documents/Arduino/projects/ws_lvgl_9_template/libraries/PicoFlashEeprom/PicoFlashEeprom.cpp	/^void PicoFlashEeprom::initializeEeprom() {$/;"	f	line:32	class:PicoFlashEeprom	typeref:typename:void
initializeEeprom	D:/Users/julia/OneDrive/Documents/Arduino/projects/ws_lvgl_9_template/libraries/PicoFlashEeprom/PicoFlashEeprom.h	/^    void initializeEeprom();$/;"	p	line:33	class:PicoFlashEeprom	typeref:typename:void
isEepromValid	D:/Users/julia/OneDrive/Documents/Arduino/projects/ws_lvgl_9_template/libraries/PicoFlashEeprom/PicoFlashEeprom.cpp	/^bool PicoFlashEeprom::isEepromValid() {$/;"	f	line:23	class:PicoFlashEeprom	typeref:typename:bool
isEepromValid	D:/Users/julia/OneDrive/Documents/Arduino/projects/ws_lvgl_9_template/libraries/PicoFlashEeprom/PicoFlashEeprom.h	/^    bool isEepromValid();$/;"	p	line:32	class:PicoFlashEeprom	typeref:typename:bool
isZapNumberValid	D:/Users/julia/OneDrive/Documents/Arduino/projects/ws_lvgl_9_template/libraries/PicoFlashEeprom/PicoFlashEeprom.cpp	/^bool PicoFlashEeprom::isZapNumberValid(const char *str) {$/;"	f	line:53	class:PicoFlashEeprom	typeref:typename:bool
isZapNumberValid	D:/Users/julia/OneDrive/Documents/Arduino/projects/ws_lvgl_9_template/libraries/PicoFlashEeprom/PicoFlashEeprom.h	/^    bool isZapNumberValid(const char *str);$/;"	p	line:35	class:PicoFlashEeprom	typeref:typename:bool
level	D:/Users/julia/OneDrive/Documents/Arduino/projects/ws_lvgl_9_template/libraries/PicoFlashEeprom/PicoFlashEeprom.cpp	/^void PicoFlashEeprom::log(LogLevel level, const __FlashStringHelper* msg) {$/;"	z	line:97	function:PicoFlashEeprom::log	typeref:typename:LogLevel	file:
level	D:/Users/julia/OneDrive/Documents/Arduino/projects/ws_lvgl_9_template/libraries/PicoFlashEeprom/PicoFlashEeprom.cpp	/^void PicoFlashEeprom::setLogLevel(LogLevel level) {$/;"	z	line:89	function:PicoFlashEeprom::setLogLevel	typeref:typename:LogLevel	file:
log	D:/Users/julia/OneDrive/Documents/Arduino/projects/ws_lvgl_9_template/libraries/PicoFlashEeprom/PicoFlashEeprom.cpp	/^void PicoFlashEeprom::log(LogLevel level, const __FlashStringHelper* msg) {$/;"	f	line:97	class:PicoFlashEeprom	typeref:typename:void
log	D:/Users/julia/OneDrive/Documents/Arduino/projects/ws_lvgl_9_template/libraries/PicoFlashEeprom/PicoFlashEeprom.h	/^    static void log(LogLevel level, const __FlashStringHelper* msg);$/;"	p	line:53	class:PicoFlashEeprom	typeref:typename:void
maintainer	D:/Users/julia/OneDrive/Documents/Arduino/projects/ws_lvgl_9_template/libraries/PicoFlashEeprom/library.properties	/^maintainer=Julian$/;"	k	line:4
msg	D:/Users/julia/OneDrive/Documents/Arduino/projects/ws_lvgl_9_template/libraries/PicoFlashEeprom/PicoFlashEeprom.cpp	/^void PicoFlashEeprom::log(LogLevel level, const __FlashStringHelper* msg) {$/;"	z	line:97	function:PicoFlashEeprom::log	typeref:typename:const __FlashStringHelper *	file:
name	D:/Users/julia/OneDrive/Documents/Arduino/projects/ws_lvgl_9_template/libraries/PicoFlashEeprom/library.properties	/^name=PicoFlashEeprom$/;"	k	line:1
paragraph	D:/Users/julia/OneDrive/Documents/Arduino/projects/ws_lvgl_9_template/libraries/PicoFlashEeprom/library.properties	/^paragraph=An Arduino C++ library for Pico Flash Eeprom featuring selectable log levels, timestam/;"	k	line:6
sentence	D:/Users/julia/OneDrive/Documents/Arduino/projects/ws_lvgl_9_template/libraries/PicoFlashEeprom/library.properties	/^sentence=Arduino library with advanced configurable logging.$/;"	k	line:5
setLogLevel	D:/Users/julia/OneDrive/Documents/Arduino/projects/ws_lvgl_9_template/libraries/PicoFlashEeprom/PicoFlashEeprom.cpp	/^void PicoFlashEeprom::setLogLevel(LogLevel level) {$/;"	f	line:89	class:PicoFlashEeprom	typeref:typename:void
setLogLevel	D:/Users/julia/OneDrive/Documents/Arduino/projects/ws_lvgl_9_template/libraries/PicoFlashEeprom/PicoFlashEeprom.h	/^    static void setLogLevel(LogLevel level);$/;"	p	line:40	class:PicoFlashEeprom	typeref:typename:void
setLogger	D:/Users/julia/OneDrive/Documents/Arduino/projects/ws_lvgl_9_template/libraries/PicoFlashEeprom/PicoFlashEeprom.cpp	/^void PicoFlashEeprom::setLogger(Stream* stream) {$/;"	f	line:85	class:PicoFlashEeprom	typeref:typename:void
setLogger	D:/Users/julia/OneDrive/Documents/Arduino/projects/ws_lvgl_9_template/libraries/PicoFlashEeprom/PicoFlashEeprom.h	/^    static void setLogger(Stream* stream);$/;"	p	line:39	class:PicoFlashEeprom	typeref:typename:void
size	D:/Users/julia/OneDrive/Documents/Arduino/projects/ws_lvgl_9_template/libraries/PicoFlashEeprom/PicoFlashEeprom.cpp	/^PicoFlashEeprom::PicoFlashEeprom(uint8_t size) : _size(size) {}$/;"	z	line:15	function:PicoFlashEeprom::PicoFlashEeprom	typeref:typename:uint8_t	file:
str	D:/Users/julia/OneDrive/Documents/Arduino/projects/ws_lvgl_9_template/libraries/PicoFlashEeprom/PicoFlashEeprom.cpp	/^bool PicoFlashEeprom::isZapNumberValid(const char *str) {$/;"	z	line:53	function:PicoFlashEeprom::isZapNumberValid	typeref:typename:const char *	file:
str	D:/Users/julia/OneDrive/Documents/Arduino/projects/ws_lvgl_9_template/libraries/PicoFlashEeprom/PicoFlashEeprom.cpp	/^void PicoFlashEeprom::writeZapNumber(const char *str) {$/;"	z	line:77	function:PicoFlashEeprom::writeZapNumber	typeref:typename:const char *	file:
stream	D:/Users/julia/OneDrive/Documents/Arduino/projects/ws_lvgl_9_template/libraries/PicoFlashEeprom/PicoFlashEeprom.cpp	/^void PicoFlashEeprom::setLogger(Stream* stream) {$/;"	z	line:85	function:PicoFlashEeprom::setLogger	typeref:typename:Stream *	file:
url	D:/Users/julia/OneDrive/Documents/Arduino/projects/ws_lvgl_9_template/libraries/PicoFlashEeprom/library.properties	/^url=https:\/\/github.com\/britesc\/PicoFlashEeprom$/;"	k	line:8
version	D:/Users/julia/OneDrive/Documents/Arduino/projects/ws_lvgl_9_template/libraries/PicoFlashEeprom/library.properties	/^version=1.3.0$/;"	k	line:2
writeZapNumber	D:/Users/julia/OneDrive/Documents/Arduino/projects/ws_lvgl_9_template/libraries/PicoFlashEeprom/PicoFlashEeprom.cpp	/^void PicoFlashEeprom::writeZapNumber(const char *str) {$/;"	f	line:77	class:PicoFlashEeprom	typeref:typename:void
writeZapNumber	D:/Users/julia/OneDrive/Documents/Arduino/projects/ws_lvgl_9_template/libraries/PicoFlashEeprom/PicoFlashEeprom.h	/^    void writeZapNumber(const char *str);$/;"	p	line:36	class:PicoFlashEeprom	typeref:typename:void
